=== Linear SVM Baselin/export/usuarios01/agnavarr/MALDIAlign/.venv/lib/python3.13/site-packages/sklearn/svm/_base.py:1250: ConvergenceWarning:/export/usuarios01/agnavarr/MALDIAlign/.venv/lib/python3.13/site-packages/sklearn/svm/_base.py:1250: ConvergenceWarning: Liblinear failed to converge, increase the number of iterations.
  warnings.warn(

=== Grid Search Finished ===
Best parameters: {'svm__C': np.float64(0.1)}
Best Balanced Accuracy (CV): 0.999146629200879
.venv/lib/python3.13/site-packages/sklearn/svm/_base.py:1250: ConvergenceWarning: Liblinear failed to converge, increase the number of iterations.
  warnings.warn(
/export/usuarios01/agnavarr/MALDIAlign/.venv/lib/python3.13/site-packages/sklearn/svm/_base.py:1250: ConvergenceWarning: Liblinear failed to converge, increase the number of iterations.
  warnings.warn(
/export/usuarios01/agnavarr/MALDIAlign/.venv/lib/python3.13/site-packages/sklearn/svm/_base.py:1250: ConvergenceWarning: Liblinear failed to converge, increase the number of iterations.
  warnings.warn(
/export/usuarios01/agnavarr/MALDIAlign/.venv/lib/python3.13/site-packages/sklearn/svm/_base.py:1250: ConvergenceWarning: Liblinear failed to converge, increase the number of iterations.
  warnings.warn(
/export/usuarios01/agnavarr/MALDIAlign/.venv/lib/python3.13/site-packages/sklearn/svm/_base.py:1250: ConvergenceWarning: Liblinear failed to converge, increase the number of iterations.
  warnings.warn(
/export/usuarios01/agnavarr/MALDIAlign/.venv/lib/python3.13/site-packages/sklearn/svm/_base.py:1250: ConvergenceWarning: Liblinear failed to converge, increase the number of iterations.
  warnings.warn(
/export/usuarios01/agnavarr/MALDIAlign/.venv/lib/python3.13/site-packages/sklearn/svm/_base.py:1250: ConvergenceWarning: Liblinear failed to converge, increase the number of iterations.
  warnings.warn(
/export/usuarios01/agnavarr/MALDIAlign/.venv/lib/python3.13/site-packages/sklearn/svm/_base.py:1250: ConvergenceWarning: Liblinear failed to converge, increase the number of iterations.
  warnings.warn(
/export/usuarios01/agnavarr/MALDIAlign/.venv/lib/python3.13/site-packages/sklearn/svm/_base.py:1250: ConvergenceWarning: Liblinear failed to converge, increase the number of iterations.
  warnings.warn(
/export/usuarios01/agnavarr/MALDIAlign/.venv/lib/python3.13/site-packages/sklearn/svm/_base.py:1250: ConvergenceWarning: Liblinear failed to converge, increase the number of iterations.
  warnings.warn(
Working directory: /export/usuarios01/agnavarr/MALDIAlign
Logging to: logs/svm_linear_baseline_20251211_1121.log
